// Jest Snapshot v1, https://goo.gl/fbAQLP

exports[`HeaderUserButtons matches snapshot 1`] = `
<div
  id="header-user-buttons"
>
  <div>
    <a
      href="/login"
      onClick={[Function]}
    >
      <button
        className="small-button"
        id="left-button"
      >
        Login
      </button>
    </a>
    <a
      href="/register"
      onClick={[Function]}
    >
      <button
        className="small-button"
        type="button"
      >
        Register
      </button>
    </a>
  </div>
</div>
`;
